MO Control NULL Control.v vlg41/_control.bin 1478521893
MO DataSelector NULL Mux.v vlg6F/_data_selector.bin 1478521893
MO rom NULL ipcore_dir/rom.v vlg3A/rom.bin 1478521893
MO Register NULL Register.v vlg09/_register.bin 1478521893
MO PC NULL PC.v vlg53/_p_c.bin 1478521893
MO ImmExtender NULL ImmExtender.v vlg26/_imm_extender.bin 1478521893
MO Ram NULL ipcore_dir/Ram.v vlg54/_ram.bin 1478521893
MO ALU NULL ALU.v vlg2A/_a_l_u.bin 1478521893
